[backblue.gif]
[fade.gif]
[index.html]
[dehame.free.fr/math/mpetoile/pdf/mpsem1.pdf]
[dehame.free.fr/math/mpetoile/tex/mpsem1.tex]
[dehame.free.fr/math/mpetoile/pdf/mpsem2.pdf]
[dehame.free.fr/math/mpetoile/tex/mpsem2.tex]
[dehame.free.fr/math/mpetoile/pdf/mpsem3.pdf]
[dehame.free.fr/math/mpetoile/tex/mpsem3.tex]
[dehame.free.fr/math/mpetoile/pdf/mpsem4.pdf]
[dehame.free.fr/math/mpetoile/tex/mpsem4.tex]
[dehame.free.fr/math/mpetoile/pdf/mpsem5.pdf]
[dehame.free.fr/math/mpetoile/tex/mpsem5.tex]
[dehame.free.fr/math/mpetoile/pdf/mpsem6.pdf]
[dehame.free.fr/math/mpetoile/tex/mpsem6.tex]
[dehame.free.fr/math/mpetoile/pdf/mpsem7.pdf]
[dehame.free.fr/math/mpetoile/tex/mpsem7.tex]
[dehame.free.fr/math/mpetoile/pdf/mpsem8.pdf]
[dehame.free.fr/math/mpetoile/tex/mpsem8.tex]
[dehame.free.fr/math/mpetoile/pdf/mpsem9.pdf]
[dehame.free.fr/math/mpetoile/tex/mpsem9.tex]
[dehame.free.fr/math/mpetoile/pdf/mpsem10.pdf]
[dehame.free.fr/math/mpetoile/tex/mpsem10.tex]
[dehame.free.fr/math/mpetoile/pdf/mpsem11.pdf]
[dehame.free.fr/math/mpetoile/tex/mpsem11.tex]
[dehame.free.fr/math/mpetoile/pdf/mpsem12.pdf]
[dehame.free.fr/math/mpetoile/tex/mpsem12.tex]
[dehame.free.fr/math/mpetoile/pdf/mpsem13.pdf]
[dehame.free.fr/math/mpetoile/tex/mpsem13.tex]
[dehame.free.fr/math/mpetoile/pdf/mpsem14.pdf]
[dehame.free.fr/math/mpetoile/tex/mpsem14.tex]
[dehame.free.fr/math/mpetoile/pdf/mpsem15.pdf]
[dehame.free.fr/math/mpetoile/tex/mpsem15.tex]
[dehame.free.fr/math/mpetoile/pdf/mpsem16.pdf]
[dehame.free.fr/math/mpetoile/tex/mpsem16.tex]
[dehame.free.fr/math/mpetoile/pdf/mpsem17.pdf]
[dehame.free.fr/math/mpetoile/tex/mpsem17.tex]
[dehame.free.fr/math/mpetoile/pdf/mpsem18.pdf]
[dehame.free.fr/math/mpetoile/tex/mpsem18.tex]
[dehame.free.fr/math/mpetoile/gibbs.mws]
[dehame.free.fr/math/mpetoile/pdf/mpsem19.pdf]
[dehame.free.fr/math/mpetoile/tex/mpsem19.tex]
[dehame.free.fr/math/mpetoile/pdf/mpsem20.pdf]
[dehame.free.fr/math/mpetoile/tex/mpsem20.tex]
[dehame.free.fr/math/mpetoile/pdf/mpsem21.pdf]
[dehame.free.fr/math/mpetoile/tex/mpsem21.tex]
[dehame.free.fr/math/mpetoile/pdf/mpsem22.pdf]
[dehame.free.fr/math/mpetoile/tex/mpsem22.tex]
[dehame.free.fr/math/mpetoile/homofocales.mws]
[dehame.free.fr/math/mpetoile/pdf/mpsem23.pdf]
[dehame.free.fr/math/mpetoile/tex/mpsem23.tex]
[dehame.free.fr/math/mpetoile/menu.htm]
[dehame.free.fr/math/mpetoile/cercles_limites.html]
