[backblue.gif]
[fade.gif]
[index.html]
[www.faidherbe.org/_jdebarbieux/image/btztilea.gif]
[www.faidherbe.org/_jdebarbieux/image/logo.jpg]
[www.faidherbe.org/_jdebarbieux/a2005/pdf/cor01.pdf]
[www.faidherbe.org/_jdebarbieux/a2007/pdf/sujet13a.pdf]
[www.faidherbe.org/_jdebarbieux/a2007/pdf/corr13a.pdf]
[www.faidherbe.org/_jdebarbieux/a2010/dm01_suj.pdf]
[www.faidherbe.org/_jdebarbieux/a2010/dm01_cor.pdf]
[www.faidherbe.org/_jdebarbieux/a2009/devoirs/dm7_s.pdf]
[www.faidherbe.org/_jdebarbieux/a2009/devoirs/dm7_c.pdf]
[www.faidherbe.org/_jdebarbieux/a2004/pdf/sujet10.pdf]
[www.faidherbe.org/_jdebarbieux/a2004/pdf/corr09a.pdf]
[www.faidherbe.org/_jdebarbieux/a2001/pdf/sujet20.pdf]
[www.faidherbe.org/_jdebarbieux/a2001/pdf/corr20.pdf]
[www.faidherbe.org/_jdebarbieux/a2007/pdf/sujet02c.pdf]
[www.faidherbe.org/_jdebarbieux/a2007/pdf/corr02c.pdf]
[www.faidherbe.org/_jdebarbieux/a2008/pdf/s07/sujet07b.pdf]
[www.faidherbe.org/_jdebarbieux/a2008/pdf/s07/corr07b.pdf]
[www.faidherbe.org/_jdebarbieux/a2001/pdf/sujet01.pdf]
[www.faidherbe.org/_jdebarbieux/a2001/pdf/corr01.pdf]
[www.faidherbe.org/_jdebarbieux/a2007/pdf/sujet10b.pdf]
[www.faidherbe.org/_jdebarbieux/a2007/pdf/corr10b.pdf]
[www.faidherbe.org/_jdebarbieux/a2001/pdf/corr06a.pdf]
[www.faidherbe.org/_jdebarbieux/a2001/pdf/sujet25.pdf]
[www.faidherbe.org/_jdebarbieux/a2001/pdf/corr25.pdf]
[www.faidherbe.org/_jdebarbieux/a2004/pdf/sujet00.pdf]
[www.faidherbe.org/_jdebarbieux/a2004/pdf/corr00.pdf]
[www.faidherbe.org/_jdebarbieux/a2009/devoirs/pb17_s.pdf]
[www.faidherbe.org/_jdebarbieux/a2009/devoirs/pb17_c.pdf]
[www.faidherbe.org/_jdebarbieux/a2010/ptpb09_suj.pdf]
[www.faidherbe.org/_jdebarbieux/a2010/ptpb09_cor.pdf]
[www.faidherbe.org/_jdebarbieux/a2001/pdf/sujet22.pdf]
[www.faidherbe.org/_jdebarbieux/a2001/pdf/corr22.pdf]
[www.faidherbe.org/_jdebarbieux/a2007/pdf/sujet_08.pdf]
[www.faidherbe.org/_jdebarbieux/a2007/pdf/corr_08.pdf]
[www.faidherbe.org/_jdebarbieux/a2011/ds4b_suj.pdf]
[www.faidherbe.org/_jdebarbieux/a2011/ds4b_cor.pdf]
[www.faidherbe.org/_jdebarbieux/a2008/pdf/s04/sujet04b.pdf]
[www.faidherbe.org/_jdebarbieux/a2008/pdf/s04/corr04b.pdf]
[www.faidherbe.org/_jdebarbieux/a2004/pdf/corr10.pdf]
[www.faidherbe.org/_jdebarbieux/a2004/pdf/sujet09b.pdf]
[www.faidherbe.org/_jdebarbieux/a2004/pdf/corr09b.pdf]
[www.faidherbe.org/_jdebarbieux/a2002/pdf/sujet2b.pdf]
[www.faidherbe.org/_jdebarbieux/a2002/pdf/corr2b.pdf]
[www.faidherbe.org/_jdebarbieux/a2002/pdf/sujet15.pdf]
[www.faidherbe.org/_jdebarbieux/a2002/pdf/corr15.pdf]
[www.faidherbe.org/_jdebarbieux/a2002/pdf/sujet21.pdf]
[www.faidherbe.org/_jdebarbieux/a2002/pdf/corr21.pdf]
[www.faidherbe.org/_jdebarbieux/a2003/pdf/sujet19b.pdf]
[www.faidherbe.org/_jdebarbieux/a2003/pdf/corr19b.pdf]
[www.faidherbe.org/_jdebarbieux/a2009/devoirs/dm1_s.pdf]
[www.faidherbe.org/_jdebarbieux/a2009/devoirs/dm1_c.pdf]
[www.faidherbe.org/_jdebarbieux/a2001/pdf/sujet09.pdf]
[www.faidherbe.org/_jdebarbieux/a2001/pdf/corr09.pdf]
[www.faidherbe.org/_jdebarbieux/a2001/pdf/sujet18.pdf]
[www.faidherbe.org/_jdebarbieux/a2001/pdf/corr18.pdf]
[www.faidherbe.org/_jdebarbieux/a2006/pdf/sujet08.pdf]
[www.faidherbe.org/_jdebarbieux/a2006/pdf/cor08.pdf]
[www.faidherbe.org/_jdebarbieux/a2002/pdf/sujet04.pdf]
[www.faidherbe.org/_jdebarbieux/a2002/pdf/corr04.pdf]
[www.faidherbe.org/_jdebarbieux/a2003/pdf/cor13b.pdf]
[www.faidherbe.org/_jdebarbieux/a2002/pdf/sujet12.pdf]
[www.faidherbe.org/_jdebarbieux/a2002/pdf/corr12.pdf]
[www.faidherbe.org/_jdebarbieux/a2003/pdf/sujet25b.pdf]
[www.faidherbe.org/_jdebarbieux/a2003/pdf/corr25b.pdf]
[www.faidherbe.org/_jdebarbieux/a2001/pdf/sujet15.pdf]
[www.faidherbe.org/_jdebarbieux/a2001/pdf/corr15.pdf]
[www.faidherbe.org/_jdebarbieux/a2003/pdf/sujet5.pdf]
[www.faidherbe.org/_jdebarbieux/a2003/pdf/corr5.pdf]
[www.faidherbe.org/_jdebarbieux/a2004/pdf/sujet20.pdf]
[www.faidherbe.org/_jdebarbieux/a2004/pdf/corr20.pdf]
[www.faidherbe.org/_jdebarbieux/a2001/pdf/sujet12.pdf]
[www.faidherbe.org/_jdebarbieux/a2001/pdf/corr12.pdf]
[www.faidherbe.org/_jdebarbieux/a2001/pdf/sujet08.pdf]
[www.faidherbe.org/_jdebarbieux/a2001/pdf/corr08.pdf]
[www.faidherbe.org/_jdebarbieux/a2002/pdf/sujet10a.pdf]
[www.faidherbe.org/_jdebarbieux/a2002/pdf/corr10a.pdf]
[www.faidherbe.org/_jdebarbieux/a2007/pdf/sujet06.pdf]
[www.faidherbe.org/_jdebarbieux/a2007/pdf/cor06.pdf]
[www.faidherbe.org/_jdebarbieux/a2002/pdf/sujet17.pdf]
[www.faidherbe.org/_jdebarbieux/a2002/pdf/corr17.pdf]
[www.faidherbe.org/_jdebarbieux/a2002/pdf/sujet19.pdf]
[www.faidherbe.org/_jdebarbieux/a2002/pdf/corr19.pdf]
[www.faidherbe.org/_jdebarbieux/a2003/pdf/sujet17.pdf]
[www.faidherbe.org/_jdebarbieux/a2003/pdf/corr17.pdf]
[www.faidherbe.org/_jdebarbieux/a2001/pdf/sujet13b.pdf]
[www.faidherbe.org/_jdebarbieux/a2001/pdf/corr13b.pdf]
[www.faidherbe.org/_jdebarbieux/a2003/pdf/sujet25d.pdf]
[www.faidherbe.org/_jdebarbieux/a2003/pdf/corr25d.pdf]
[www.faidherbe.org/_jdebarbieux/a2009/devoirs/pb04_s.pdf]
[www.faidherbe.org/_jdebarbieux/a2009/devoirs/pb04_c.pdf]
[www.faidherbe.org/_jdebarbieux/a2002/pdf/sujet10b.pdf]
[www.faidherbe.org/_jdebarbieux/a2002/pdf/corr10b.pdf]
[www.faidherbe.org/_jdebarbieux/a2002/pdf/sujet16.pdf]
[www.faidherbe.org/_jdebarbieux/a2002/pdf/corr16.pdf]
[www.faidherbe.org/_jdebarbieux/a2007/pdf/sujet02a.pdf]
[www.faidherbe.org/_jdebarbieux/a2007/pdf/corr02a.pdf]
[www.faidherbe.org/_jdebarbieux/a2009/devoirs/pb08_s.pdf]
[www.faidherbe.org/_jdebarbieux/a2009/devoirs/pb08_c.pdf]
[www.faidherbe.org/_jdebarbieux/a2001/pdf/sujet16.pdf]
[www.faidherbe.org/_jdebarbieux/a2001/pdf/corr16.pdf]
[www.faidherbe.org/_jdebarbieux/a2003/pdf/sujet25c.pdf]
[www.faidherbe.org/_jdebarbieux/a2003/pdf/corr25c.pdf]
[www.faidherbe.org/_jdebarbieux/a2002/pdf/sujet24.pdf]
[www.faidherbe.org/_jdebarbieux/a2002/pdf/corr24.pdf]
[www.faidherbe.org/_jdebarbieux/a2003/pdf/sujet13.pdf]
[www.faidherbe.org/_jdebarbieux/a2003/pdf/cor13a.pdf]
[www.faidherbe.org/_jdebarbieux/a2004/pdf/sujet17b.pdf]
[www.faidherbe.org/_jdebarbieux/a2004/pdf/corr17b.pdf]
[www.faidherbe.org/_jdebarbieux/a2008/pdf/s0b/sujet0c.pdf]
[www.faidherbe.org/_jdebarbieux/a2008/pdf/s0b/corr0c.pdf]
[www.faidherbe.org/_jdebarbieux/a2008/pdf/s11/sujet11.pdf]
[www.faidherbe.org/_jdebarbieux/a2008/pdf/s11/corr11.pdf]
[www.faidherbe.org/_jdebarbieux/a2003/pdf/sujet19c.pdf]
[www.faidherbe.org/_jdebarbieux/a2003/pdf/corr19c.pdf]
[www.faidherbe.org/_jdebarbieux/a2007/pdf/sujet04b.pdf]
[www.faidherbe.org/_jdebarbieux/a2007/pdf/corr04b.pdf]
[www.faidherbe.org/_jdebarbieux/a2007/pdf/sujet0a.pdf]
[www.faidherbe.org/_jdebarbieux/a2007/pdf/corr0a.pdf]
[www.faidherbe.org/_jdebarbieux/a2004/pdf/sujet17.pdf]
[www.faidherbe.org/_jdebarbieux/a2004/pdf/corr17.pdf]
[www.faidherbe.org/_jdebarbieux/a2011/ptpb07_suj.pdf]
[www.faidherbe.org/_jdebarbieux/a2011/ptpb07_cor.pdf]
[www.faidherbe.org/_jdebarbieux/a2004/pdf/sujt06.pdf]
[www.faidherbe.org/_jdebarbieux/a2004/pdf/corr06.pdf]
[www.faidherbe.org/_jdebarbieux/a2003/pdf/sujet9a.pdf]
[www.faidherbe.org/_jdebarbieux/a2003/pdf/corr9a.pdf]
[www.faidherbe.org/_jdebarbieux/a2003/pdf/sujet19a.pdf]
[www.faidherbe.org/_jdebarbieux/a2003/pdf/corr19a.pdf]
[www.faidherbe.org/_jdebarbieux/a2003/pdf/sujet4.pdf]
[www.faidherbe.org/_jdebarbieux/a2003/pdf/cor4_air.pdf]
[www.faidherbe.org/_jdebarbieux/a2007/pdf/sujet01a.pdf]
[www.faidherbe.org/_jdebarbieux/a2007/pdf/cor01a.pdf]
[www.faidherbe.org/_jdebarbieux/a2007/pdf/sujet17a.pdf]
[www.faidherbe.org/_jdebarbieux/a2007/pdf/corr17a.pdf]
[www.faidherbe.org/_jdebarbieux/a2011/ptpb15_suj.pdf]
[www.faidherbe.org/_jdebarbieux/a2011/ptpb15_cor.pdf]
[www.faidherbe.org/_jdebarbieux/a2010/ptpb22_suj.pdf]
[www.faidherbe.org/_jdebarbieux/a2010/ptpb22_cor.pdf]
[www.faidherbe.org/_jdebarbieux/a2011/dm03_suj.pdf]
[www.faidherbe.org/_jdebarbieux/a2011/dm03_cor.pdf]
[www.faidherbe.org/_jdebarbieux/a2004/pdf/sujet22.pdf]
[www.faidherbe.org/_jdebarbieux/a2004/pdf/corr22.pdf]
[www.faidherbe.org/_jdebarbieux/a2011/ptpb06_suj.pdf]
[www.faidherbe.org/_jdebarbieux/a2011/ptpb06_cor.pdf]
[www.faidherbe.org/_jdebarbieux/a2003/pdf/sujet25a.pdf]
[www.faidherbe.org/_jdebarbieux/a2003/pdf/corr25a.pdf]
[www.faidherbe.org/_jdebarbieux/a2009/devoirs/pb10_s.pdf]
[www.faidherbe.org/_jdebarbieux/a2009/devoirs/pb10_c.pdf]
[www.faidherbe.org/_jdebarbieux/a2011/ptpb04_suj.pdf]
[www.faidherbe.org/_jdebarbieux/a2011/ptpb04_cor.pdf]
[www.faidherbe.org/_jdebarbieux/a2003/pdf/sujet24.pdf]
[www.faidherbe.org/_jdebarbieux/a2003/pdf/corr24.pdf]
[www.faidherbe.org/_jdebarbieux/a2009/devoirs/pb13_s.pdf]
[www.faidherbe.org/_jdebarbieux/a2009/devoirs/pb13_c.pdf]
[www.faidherbe.org/_jdebarbieux/a2005/pdf/eia03s.pdf]
[www.faidherbe.org/_jdebarbieux/a2005/pdf/eia03c.pdf]
[www.faidherbe.org/_jdebarbieux/a2005/pdf/sujet17.pdf]
[www.faidherbe.org/_jdebarbieux/a2005/pdf/corr17.pdf]
[www.faidherbe.org/_jdebarbieux/a2005/pdf/sujet04.pdf]
[www.faidherbe.org/_jdebarbieux/a2005/pdf/corr04.pdf]
[www.faidherbe.org/_jdebarbieux/a2008/pdf/s14/sujet14b.pdf]
[www.faidherbe.org/_jdebarbieux/a2008/pdf/s14/corr14b.pdf]
[www.faidherbe.org/_jdebarbieux/a2009/devoirs/pb05_s.pdf]
[www.faidherbe.org/_jdebarbieux/a2009/devoirs/pb05_c.pdf]
[www.faidherbe.org/_jdebarbieux/a2007/pdf/sujet19.pdf]
[www.faidherbe.org/_jdebarbieux/a2008/pdf/s07/sujet07a.pdf]
[www.faidherbe.org/_jdebarbieux/a2008/pdf/s07/corr07a.pdf]
[www.faidherbe.org/_jdebarbieux/a2007/pdf/sujet13b.pdf]
[www.faidherbe.org/_jdebarbieux/a2007/pdf/cor13b.pdf]
[www.faidherbe.org/_jdebarbieux/a2009/devoirs/dm6_s.pdf]
[www.faidherbe.org/_jdebarbieux/a2009/devoirs/dm6_c.pdf]
[www.faidherbe.org/_jdebarbieux/a2006/pdf/sujet21.pdf]
[www.faidherbe.org/_jdebarbieux/a2006/pdf/corr21.pdf]
[www.faidherbe.org/_jdebarbieux/a2007/pdf/sujet13.pdf]
[www.faidherbe.org/_jdebarbieux/a2007/pdf/corr13.pdf]
[www.faidherbe.org/_jdebarbieux/a2011/ptpb00_suj.pdf]
[www.faidherbe.org/_jdebarbieux/a2011/ptpb00_cor.pdf]
[www.faidherbe.org/_jdebarbieux/a2010/ptpb20_suj.pdf]
[www.faidherbe.org/_jdebarbieux/a2010/ptpb_20_cor.pdf]
[www.faidherbe.org/_jdebarbieux/a2010/ptpb03_suj.pdf]
[www.faidherbe.org/_jdebarbieux/a2010/ptpb_03_cor.pdf]
[www.faidherbe.org/_jdebarbieux/a2010/ptpb11_suj.pdf]
[www.faidherbe.org/_jdebarbieux/a2010/ptpb11_cor.pdf]
[www.faidherbe.org/_jdebarbieux/a2007/pdf/sujet20.pdf]
[www.faidherbe.org/_jdebarbieux/a2007/pdf/cor20.pdf]
[www.faidherbe.org/_jdebarbieux/a2009/devoirs/pb20_c.pdf]
[www.faidherbe.org/_jdebarbieux/a2009/devoirs/pb20_s.pdf]
[www.faidherbe.org/_jdebarbieux/a2009/devoirs/pb18_s.pdf]
[www.faidherbe.org/_jdebarbieux/a2009/devoirs/pb18_c.pdf]
[www.faidherbe.org/_jdebarbieux/a2006/pdf/sujet11.pdf]
[www.faidherbe.org/_jdebarbieux/a2006/pdf/cor11.pdf]
[www.faidherbe.org/_jdebarbieux/a2010/ptpb17_suj.pdf]
[www.faidherbe.org/_jdebarbieux/a2010/ptpb17_cor.pdf]
[www.faidherbe.org/_jdebarbieux/a2010/ptpb07_sujet.pdf]
[www.faidherbe.org/_jdebarbieux/a2010/ptpb07_cor.pdf]
[www.faidherbe.org/_jdebarbieux/a2010/ptpb14_suj.pdf]
[www.faidherbe.org/_jdebarbieux/a2010/ptpb14_cor.pdf]
[www.faidherbe.org/_jdebarbieux/a2008/pdf/s15/sujet15.pdf]
[www.faidherbe.org/_jdebarbieux/a2008/pdf/s15/corr15.pdf]
[www.faidherbe.org/_jdebarbieux/a2008/pdf/s0a/sujet0a.pdf]
[www.faidherbe.org/_jdebarbieux/a2008/pdf/s0a/corr0a.pdf]
[www.faidherbe.org/_jdebarbieux/a2010/ptpb18_suj.pdf]
[www.faidherbe.org/_jdebarbieux/a2010/ptpb18_cor.pdf]
[www.faidherbe.org/_jdebarbieux/a2009/devoirs/pb07_s.pdf]
[www.faidherbe.org/_jdebarbieux/a2009/devoirs/pb07_c.pdf]
[www.faidherbe.org/_jdebarbieux/a2011/ptpb03_suj.pdf]
[www.faidherbe.org/_jdebarbieux/a2011/ptpb03_cor.pdf]
[www.faidherbe.org/_jdebarbieux/a2011/ptpb13_suj.pdf]
[www.faidherbe.org/_jdebarbieux/a2011/ptpb13_cor.pdf]
[www.faidherbe.org/_jdebarbieux/a2010/ptpb01_suj.pdf]
[www.faidherbe.org/_jdebarbieux/a2010/ptpb01_cor.pdf]
[www.faidherbe.org/_jdebarbieux/a2011/ptpb01_suj.pdf]
[www.faidherbe.org/_jdebarbieux/a2011/ptpb01_cor.pdf]
[www.faidherbe.org/_jdebarbieux/a2006/pdf/sujet16.pdf]
[www.faidherbe.org/_jdebarbieux/a2006/pdf/cor16.pdf]
[www.faidherbe.org/_jdebarbieux/a2009/devoirs/pb14_s.pdf]
[www.faidherbe.org/_jdebarbieux/a2009/devoirs/pb14_c.pdf]
[www.faidherbe.org/_jdebarbieux/a2010/dm2_suj.pdf]
[www.faidherbe.org/_jdebarbieux/a2010/dm2_cor.pdf]
[www.faidherbe.org/_jdebarbieux/a2008/pdf/s14/sujet14c.pdf]
[www.faidherbe.org/_jdebarbieux/a2008/pdf/s14/corr14c.pdf]
[www.faidherbe.org/_jdebarbieux/a2010/ptpb10_cor.pdf]
[www.faidherbe.org/_jdebarbieux/a2010/ptpb10_suj.pdf]
[www.faidherbe.org/_jdebarbieux/a2008/pdf/s23/sujet23.pdf]
[www.faidherbe.org/_jdebarbieux/a2008/pdf/s23/corr23.pdf]
[www.faidherbe.org/_jdebarbieux/a2010/ptpb15_suj.pdf]
[www.faidherbe.org/_jdebarbieux/a2009/devoirs/pb15_s.pdf]
[www.faidherbe.org/_jdebarbieux/a2009/devoirs/pb15_c.pdf]
[www.faidherbe.org/_jdebarbieux/a2007/pdf/sujet10a.pdf]
[www.faidherbe.org/_jdebarbieux/a2007/pdf/corr10a.pdf]
[www.faidherbe.org/_jdebarbieux/a2011/ptpb19_suj.pdf]
[www.faidherbe.org/_jdebarbieux/a2010/ptpb06_suj.pdf]
[www.faidherbe.org/_jdebarbieux/a2011/ptpb19_cor.pdf]
[www.faidherbe.org/_jdebarbieux/a2010/ptpb_06_cor.pdf]
[www.faidherbe.org/_jdebarbieux/a2009/devoirs/pb12_s.pdf]
[www.faidherbe.org/_jdebarbieux/a2009/devoirs/pb12_c.pdf]
[www.faidherbe.org/_jdebarbieux/a2009/devoirs/dm2_s.pdf]
[www.faidherbe.org/_jdebarbieux/a2009/devoirs/dm2_c.pdf]
[www.faidherbe.org/_jdebarbieux/a2011/ptpb20_suj.pdf]
[www.faidherbe.org/_jdebarbieux/a2011/ptpb20_cor.pdf]
[www.faidherbe.org/_jdebarbieux/a2010/ptpb02_suj.pdf]
[www.faidherbe.org/_jdebarbieux/a2010/ptpb02_cor.pdf]
[www.faidherbe.org/_jdebarbieux/a2010/ptpb0405_suj.pdf]
[www.faidherbe.org/_jdebarbieux/a2010/ptpb0405_cor.pdf]
[www.faidherbe.org/_jdebarbieux/a2008/pdf/s10/sujet10.pdf]
[www.faidherbe.org/_jdebarbieux/a2008/pdf/s10/cor10.pdf]
[www.faidherbe.org/_jdebarbieux/a2010/ptpb12_suj.pdf]
[www.faidherbe.org/_jdebarbieux/a2010/ptpb12_cor.pdf]
[www.faidherbe.org/_jdebarbieux/a2010/dm8_suj.pdf]
[www.faidherbe.org/_jdebarbieux/a2010/dm8_cor.pdf]
[www.faidherbe.org/_jdebarbieux/a2011/ptpb16_suj.pdf]
[www.faidherbe.org/_jdebarbieux/a2011/ptpb16_cor.pdf]
[www.faidherbe.org/_jdebarbieux/a2011/ptpb09_suj.pdf]
[www.faidherbe.org/_jdebarbieux/a2011/ptpb09_cor.pdf]
[www.faidherbe.org/_jdebarbieux/a2011/ds3_suj.pdf]
[www.faidherbe.org/_jdebarbieux/a2011/ds3_cor.pdf]
[www.faidherbe.org/_jdebarbieux/a2010/ptpb13_suj.pdf]
[www.faidherbe.org/_jdebarbieux/a2010/ptpb13_cor.pdf]
[www.faidherbe.org/_jdebarbieux/a2009/devoirs/dm4_s.pdf]
[www.faidherbe.org/_jdebarbieux/a2009/devoirs/dm4_c.pdf]
[www.faidherbe.org/_jdebarbieux/a2010/ptpb21_suj.pdf]
[www.faidherbe.org/_jdebarbieux/a2010/ptpb21_cor.pdf]
[www.faidherbe.org/_jdebarbieux/a2009/devoirs/pb01_s.pdf]
[www.faidherbe.org/_jdebarbieux/a2009/devoirs/pb01_c.pdf]
[www.faidherbe.org/_jdebarbieux/a2010/ds4b_suj.pdf]
[www.faidherbe.org/_jdebarbieux/a2010/ds4a_cor.pdf]
[www.faidherbe.org/_jdebarbieux/a2011/ptpb10_suj.pdf]
[www.faidherbe.org/_jdebarbieux/a2011/ptpb10_cor.pdf]
[www.faidherbe.org/_jdebarbieux/a2011/ptpb14_suj.pdf]
[www.faidherbe.org/_jdebarbieux/a2011/ptpb14_cor.pdf]
[www.faidherbe.org/_jdebarbieux/a2011/ptpb18_suj.pdf]
[www.faidherbe.org/_jdebarbieux/a2011/ptpb18_cor.pdf]
[www.faidherbe.org/_jdebarbieux/a2011/ptpb02_suj.pdf]
[www.faidherbe.org/_jdebarbieux/a2011/ptpb02_cor.pdf]
[www.faidherbe.org/_jdebarbieux/a2009/devoirs/pb22_s.pdf]
[www.faidherbe.org/_jdebarbieux/a2009/devoirs/pb22_c.pdf]
[www.faidherbe.org/_jdebarbieux/a2009/devoirs/ds4_s.pdf]
[www.faidherbe.org/_jdebarbieux/a2009/devoirs/ds4_c.pdf]
[www.faidherbe.org/_jdebarbieux/a2009/devoirs/dm8a_s.pdf]
[www.faidherbe.org/_jdebarbieux/a2009/devoirs/dm8a_c.pdf]
[www.faidherbe.org/_jdebarbieux/a2010/ds6_suj.pdf]
[www.faidherbe.org/_jdebarbieux/a2010/ds6_cor.pdf]
[www.faidherbe.org/_jdebarbieux/a2011/ptpb05_suj.pdf]
[www.faidherbe.org/_jdebarbieux/a2011/ptpb05_cor.pdf]
[www.faidherbe.org/_jdebarbieux/a2011/ptpb08_suj.pdf]
[www.faidherbe.org/_jdebarbieux/a2011/ptpb08_cor.pdf]
[www.faidherbe.org/_jdebarbieux/a2010/ptpb23_suj.pdf]
[www.faidherbe.org/_jdebarbieux/a2010/ptpb23_cor.pdf]
[www.faidherbe.org/_jdebarbieux/a2011/ds5_a_suj.pdf]
[www.faidherbe.org/_jdebarbieux/a2011/ds5_a_cor.pdf]
[www.faidherbe.org/_jdebarbieux/a2010/ds5_suj.pdf]
[www.faidherbe.org/_jdebarbieux/a2010/ds5_cor.pdf]
[www.faidherbe.org/_jdebarbieux/a2011/ds2_suj.pdf]
[www.faidherbe.org/_jdebarbieux/a2011/ds2_cor.pdf]
[www.faidherbe.org/_jdebarbieux/a2010/ds4a_suj.pdf]
[www.faidherbe.org/_jdebarbieux/a2010/dm3_suj.pdf]
[www.faidherbe.org/_jdebarbieux/a2010/dm3_cor.pdf]
[www.faidherbe.org/_jdebarbieux/a2010/ptpb8_suj.pdf]
[www.faidherbe.org/_jdebarbieux/a2010/ptpb08_cor.pdf]
[www.faidherbe.org/_jdebarbieux/a2010/dm5_suj.pdf]
[www.faidherbe.org/_jdebarbieux/a2010/dm5_cor.pdf]
[www.faidherbe.org/_jdebarbieux/a2010/ds3_suj.pdf]
[www.faidherbe.org/_jdebarbieux/a2010/ds3_cor.pdf]
[www.faidherbe.org/_jdebarbieux/a2010/dm4_suj.pdf]
[www.faidherbe.org/_jdebarbieux/a2010/dm4_cor.pdf]
[www.faidherbe.org/_jdebarbieux/a2010/dm6_suj.pdf]
[www.faidherbe.org/_jdebarbieux/a2010/dm6_cor.pdf]
[www.faidherbe.org/_jdebarbieux/a2011/ds5_b_suj.pdf]
[www.faidherbe.org/_jdebarbieux/a2011/ds5_b_cor.pdf]
[www.faidherbe.org/_jdebarbieux/a2010/dm7_suj.pdf]
[www.faidherbe.org/_jdebarbieux/a2010/dm7_cor.pdf]
[www.faidherbe.org/_jdebarbieux/a2011/ds4a_suj.pdf]
[www.faidherbe.org/_jdebarbieux/a2011/ds4a_cor.pdf]
[www.faidherbe.org/_jdebarbieux/a2011/dm2_suj.pdf]
[www.faidherbe.org/_jdebarbieux/a2011/dm2_cor.pdf]
[www.faidherbe.org/_jdebarbieux/a2011/dm4_sujet.pdf]
[www.faidherbe.org/_jdebarbieux/a2011/dm4_cor.pdf]
[www.faidherbe.org/_jdebarbieux/a2011/dm5_suj.pdf]
[www.faidherbe.org/_jdebarbieux/a2011/dm5_cor.pdf]
[www.faidherbe.org/_jdebarbieux/a2011/ptpb17_suj.pdf]
[www.faidherbe.org/_jdebarbieux/a2011/dm6_suj.pdf]
[www.faidherbe.org/_jdebarbieux/a2011/dm6_cor.pdf]
[www.faidherbe.org/_jdebarbieux/a2011/ds6_suj.pdf]
[www.faidherbe.org/_jdebarbieux/a2011/ds6_cor.pdf]
[www.faidherbe.org/_jdebarbieux/a2011/dm7_suj.pdf]
[www.faidherbe.org/_jdebarbieux/a2011/dm7_cor.pdf]
[www.faidherbe.org/_jdebarbieux/a2011/dm8_suj.pdf]
[www.faidherbe.org/_jdebarbieux/a2011/dm8_cor.pdf]
[www.faidherbe.org/_jdebarbieux/image/top.gif]
[www.faidherbe.org/_jdebarbieux/concours.htm]
[www.google-analytics.com/urchin.js]
[www.faidherbe.org/_jdebarbieux/image/rouge.gif]
[www.faidherbe.org/_jdebarbieux/image/flecheverte.gif]
[www.faidherbe.org/_jdebarbieux/image/vert.gif]
[www.faidherbe.org/_jdebarbieux/divers/pcsiprog.pdf]
[www.faidherbe.org/_jdebarbieux/index.html]
[www.faidherbe.org/_jdebarbieux/divers/liens.htm]
[www.faidherbe.org/_jdebarbieux/divers/pcprog.pdf]
